PS D:\Projects\ESP\projects\ESP32-C6-OLED\esp32-c6_LVGL>  & 'd:\Projects\ESP\Espressif\.espressif\python_env\idf5.4_py3.11_env\Scripts\python.exe' 'd:\Projects\ESP\Espressif\v5.4.1\esp-idf\tools\idf_monitor.py' -p COM7 -b 115200 --toolchain-prefix riscv32-esp-elf- --make '''d:\Projects\ESP\Espressif\.espressif\python_env\idf5.4_py3.11_env\Scripts\python.exe'' ''d:\Projects\ESP\Espressif\v5.4.1\esp-idf\tools\idf.py''' --target esp32c6 'd:\Projects\ESP\projects\ESP32-C6-OLED\esp32-c6_LVGL\build\esp32-c6_LVGL.elf'
--- Warning: GDB cannot open serial ports accessed as COMx
--- Using \\.\COM7 instead...
--- esp-idf-monitor 1.6.0 on \\.\COM7 115200
--- Quit: Ctrl+] | Menu: Ctrl+T | Help: Ctrl+T followed by Ctrl+H
I (101) esp_image: segment 2: paddr=00028020 vaddr=42000020 sizeESP-ROM:esp32c6-20220919
Build:Sep 19 2022
rst:0x15 (USB_UART_HPSYS),boot:0x6e (SPI_FAST_FLASH_BOOT)
Saved PC:0x40805444
--- 0x40805444: rv_utils_wait_for_intr at D:/Projects/ESP/Espressif/v5.4.1/esp-idf/components/riscv/include/riscv/rv_utils.h:62
---  (inlined by) esp_cpu_wait_for_intr at D:/Projects/ESP/Espressif/v5.4.1/esp-idf/components/esp_hw_support/cpu.c:62

SPIWP:0xee
mode:DIO, clock div:2
load:0x40875720,len:0x16b8
load:0x4086c110,len:0xe84
load:0x4086e610,len:0x3058
entry 0x4086c11a
I (23) boot: ESP-IDF v5.4.1 2nd stage bootloader
I (23) boot: compile time Apr 10 2025 09:51:15
I (24) boot: chip revision: v0.1
I (24) boot: efuse block revision: v0.3
I (26) boot.esp32c6: SPI Speed      : 80MHz
I (30) boot.esp32c6: SPI Mode       : DIO
I (34) boot.esp32c6: SPI Flash Size : 2MB
I (38) boot: Enabling RNG early entropy source...
I (42) boot: Partition Table:
I (45) boot: ## Label            Usage          Type ST Offset   Length
I (51) boot:  0 nvs              WiFi data        01 02 00009000 00006000
I (58) boot:  1 phy_init         RF data          01 01 0000f000 00001000
I (64) boot:  2 factory          factory app      00 00 00010000 00100000
I (71) boot: End of partition table
I (74) esp_image: segment 0: paddr=00010020 vaddr=42050020 size=106dch ( 67292) map
I (94) esp_image: segment 1: paddr=00020704 vaddr=40800000 size=07914h ( 30996) load
I (101) esp_image: segment 2: paddr=00028020 vaddr=42000020 size=4871ch (296732) map
I (157) esp_image: segment 3: paddr=00070744 vaddr=40807914 size=0616ch ( 24940) load
I (163) esp_image: segment 4: paddr=000768b8 vaddr=4080da80 size=01914h (  6420) load
I (165) esp_image: segment 5: paddr=000781d4 vaddr=50000000 size=0001ch (    28) load
I (172) boot: Loaded app from partition at offset 0x10000
I (174) boot: Disabling RNG early entropy source...
I (190) cpu_start: Unicore app
I (199) cpu_start: Pro cpu start user code
I (199) cpu_start: cpu freq: 160000000 Hz
I (199) app_init: Application information:
I (199) app_init: Project name:     esp32-c6_LVGL
I (203) app_init: App version:      4ad6235-dirty
I (208) app_init: Compile time:     Apr 10 2025 09:49:47
I (213) app_init: ELF file SHA256:  74003468b...
I (217) app_init: ESP-IDF:          v5.4.1
I (221) efuse_init: Min chip rev:     v0.0
I (225) efuse_init: Max chip rev:     v0.99
I (229) efuse_init: Chip rev:         v0.1
I (233) heap_init: Initializing. RAM available for dynamic allocation:
I (239) heap_init: At 40820520 len 0005C0F0 (368 KiB): RAM
I (244) heap_init: At 4087C610 len 00002F54 (11 KiB): RAM
I (249) heap_init: At 5000001C len 00003FCC (15 KiB): RTCRAM
I (255) spi_flash: detected chip: generic
I (258) spi_flash: flash io: dio
W (261) spi_flash: Detected size(4096k) larger than the size in the binary image header(2048k). Using the size in the binary image header.
I (273) sleep_gpio: Configure to isolate all GPIO pins in sleep state
I (280) sleep_gpio: Enable automatic switching of GPIO sleep configuration
I (286) coexist: coex firmware version: e727207
I (291) coexist: coexist rom version 5b8dcfa
I (295) main_task: Started on CPU0
I (295) main_task: Calling app_main()
I (2295) playground: Turn on LCD backlight first, to see display content early!
I (2295) playground: Turn off LCD backlight
I (2295) gpio: GPIO[22]| InputEn: 0| OutputEn: 1| OpenDrain: 0| Pullup: 0| Pulldown: 0| Intr:0
I (2295) playground: Set LCD backlight
I (2305) gpio: GPIO[15]| InputEn: 0| OutputEn: 1| OpenDrain: 0| Pullup: 0| Pulldown: 0| Intr:0 
I (2315) playground: Install ST7789T panel driver
I (2315) gpio: GPIO[21]| InputEn: 0| OutputEn: 1| OpenDrain: 0| Pullup: 0| Pulldown: 0| Intr:0 
Guru Meditation Error: Core  0 panic'ed (Load access fault). Exception was unhandled.

Core  0 register dump:
MEPC    : 0x4200e24c  RA      : 0x4200f334  SP      : 0x40825df0  GP      : 0x4080e284
--- 0x4200e24c: _lv_obj_get_ext_draw_size at D:/Projects/ESP/projects/ESP32-C6-OLED/esp32-c6_LVGL/components/lvgl/src/core/lv_obj_draw.c:311
--- 0x4200f334: lv_area_copy at D:/Projects/ESP/projects/ESP32-C6-OLED/esp32-c6_LVGL/components/lvgl/src/misc/lv_area.h:123
---  (inlined by) lv_obj_invalidate at D:/Projects/ESP/projects/ESP32-C6-OLED/esp32-c6_LVGL/components/lvgl/src/core/lv_obj_pos.c:833

TP      : 0x40825e90  T0      : 0x400208f0  T1      : 0x0000000f  T2      : 0x00000000
--- 0x400208f0: systimer_hal_set_alarm_target in ROM

S0/FP   : 0x00000000  S1      : 0x42053080  A0      : 0x00000000  A1      : 0x42053080
A2      : 0x00000001  A3      : 0x00000004  A4      : 0x00000001  A5      : 0x40820000
A6      : 0xfff00000  A7      : 0x00000002  S2      : 0x00000000  S3      : 0x00000000
S4      : 0x00000000  S5      : 0x00000000  S6      : 0x00000000  S7      : 0x00000000
S8      : 0x00000000  S9      : 0x00000000  S10     : 0x00000000  S11     : 0x00000000
T3      : 0xff000fff  T4      : 0x00000010  T5      : 0x00000000  T6      : 0x00000000
MSTATUS : 0x00001881  MTVEC   : 0x40800001  MCAUSE  : 0x00000005  MTVAL   : 0x00000008
--- 0x40800001: _vector_table at D:/Projects/ESP/Espressif/v5.4.1/esp-idf/components/riscv/vectors_intc.S:54

MHARTID : 0x00000000

Stack memory:
40825df0: 0xff000fff 0x00000010 0x00000000 0x00000000 0x00000000 0x00000000 0x00000000 0x4202d0b6
--- 0x4202d0b6: lv_label_set_text at D:/Projects/ESP/projects/ESP32-C6-OLED/esp32-c6_LVGL/components/lvgl/src/widgets/label/lv_label.c:101

40825e10: 0x00000000 0x00000000 0x00000000 0x4200c4dc 0x00000000 0x00000000 0x00000000 0x00000000
--- 0x4200c4dc: lvgl_task at D:/Projects/ESP/projects/ESP32-C6-OLED/esp32-c6_LVGL/main/main.c:326

40825e30: 0x00000000 0x00000000 0x00000000 0x00000000 0x00000000 0x00000000 0x00000000 0x00000000
40825e50: 0x00000000 0x00000000 0x00000000 0x40808046 0x00000000 0x00000000 0x00000000 0x00000000
--- 0x40808046: vPortTaskWrapper at D:/Projects/ESP/Espressif/v5.4.1/esp-idf/components/freertos/FreeRTOS-Kernel/portable/riscv/port.c:258

40825e70: 0x00000000 0x00000000 0x00000000 0x00000000 0x00000000 0xa5a5a5a5 0xa5a5a5a5 0xa5a5a5a5
40825e90: 0xa5a5a5a5 0xa5a5a5a5 0xa5a5a5a5 0x00000150 0x40825d80 0x000006bd 0x4080f608 0x4080f608
40825eb0: 0x40825ea0 0x4080f600 0x00000015 0x00000000 0x00000000 0x40825ea0 0x00000000 0x00000004
40825ed0: 0x40823e9c 0x4c47564c 0x73617420 0x0000006b 0x00000000 0x40825e90 0x00000004 0x00000000
40825ef0: 0x00000000 0x00000000 0x00000000 0x40820e70 0x40820ed8 0x40820f40 0x00000000 0x00000000
40825f10: 0x00000001 0x00000000 0x00000000 0x00000000 0x42007858 0x00000000 0x00000000 0x00000000
--- 0x42007858: esp_cleanup_r at D:/Projects/ESP/Espressif/v5.4.1/esp-idf/components/newlib/newlib_init.c:43

40825f30: 0x00000000 0x00000000 0x00000000 0x00000000 0x00000000 0x00000000 0x00000000 0x00000000
40825f50: 0x00000000 0x00000000 0x00000000 0x00000000 0x00000000 0x00000000 0x00000000 0x00000000
40825f70: 0x00000000 0x00000000 0x00000000 0x00000000 0x00000000 0x00000000 0x00000000 0x00000000
40825f90: 0x00000000 0x00000000 0x00000000 0x00000000 0x00000000 0x00000000 0x00000000 0x00000000
40825fb0: 0x00000000 0x00000000 0x00000000 0x00000000 0x00000000 0x00000000 0x00000000 0x00000000
40825fd0: 0x00000000 0x00000000 0x00000000 0x00000000 0x00000000 0x00000000 0x00000000 0x00000000
40825ff0: 0x00000010 0x00000000 0x64636c05 0x6e61705f 0x40006c65 0x00000018 0x40825ff4 0x64636c05
--- 0x40006c65: set_rx_gain_cal_iq in ROM

40826010: 0x6e61705f 0x732e6c65 0x38373774 0x40820039 0x00000010 0x40826008 0x616c7005 0x6f726779
40826030: 0x00646e75 0x00000054 0x00000000 0x40826038 0x00000000 0x00000000 0x00000000 0x40826050
40826050: 0xffffffff 0x40826050 0x40826050 0x00000000 0x40826064 0xffffffff 0x40826064 0x40826064
40826070: 0x00000001 0x00000001 0x00000000 0x0000ffff 0x00000000 0x00000000 0x40826030 0x00000024
40826090: 0x60007000 0x00000000 0x00000004 0x00000000 0x00000001 0x00000000 0x00000000 0x00000000
408260b0: 0x00000000 0x0000000c 0x408260c8 0x00000000 0x408260b0 0x0000000c 0x0b56010a 0x00000000
408260d0: 0x408265f4 0x00000068 0x00000001 0x00000000 0x42042b40 0x40826528 0x00000006 0xffffffff
--- 0x42042b40: spi_master_deinit_driver at D:/Projects/ESP/Espressif/v5.4.1/esp-idf/components/esp_driver_spi/src/gpspi/spi_master.c:341

408260f0: 0x00000007 0xffffffff 0xffffffff 0x00000000 0x00000000 0x00000000 0x00000000 0x00000000
40826110: 0x00002b00 0x00000000 0x00000000 0x00000000 0x0000006c 0x00002ff4 0x00000001 0x00000004
40826130: 0x408262c0 0x40826144 0x00000000 0x00000000 0x00000014 0x4082615c 0x40826234 0x00000003
40826150: 0x40826270 0x40826298 0x00000034 0x40826214 0x00000000 0xb33fffff 0x00000000 0x00000000
40826170: 0x00000000 0x00000001 0x80000000 0x4204775a 0x00000000 0x00000000 0x00000000 0x00000000
--- 0x4204775a: gdma_del_tx_channel at D:/Projects/ESP/Espressif/v5.4.1/esp-idf/components/esp_hw_support/dma/gdma.c:728

40826190: 0x0000007c 0x00000000 0x00000000 0x60080000 0x4080db04 0x4080a354 0x4080a3de 0x4080a23c
--- 0x4080a354: gdma_ahb_hal_start_with_desc at D:/Projects/ESP/Espressif/v5.4.1/esp-idf/components/hal/gdma_hal_ahb_v1.c:18
--- 0x4080a3de: gdma_ahb_hal_stop at D:/Projects/ESP/Espressif/v5.4.1/esp-idf/components/hal/gdma_hal_ahb_v1.c:29
--- 0x4080a23c: gdma_ahb_hal_append at D:/Projects/ESP/Espressif/v5.4.1/esp-idf/components/hal/gdma_hal_ahb_v1.c:38

408261b0: 0x4080a306 0x42048262 0x420482a0 0x4204833a 0x4204837e 0x00000000 0x420483f6 0x420484c4
--- 0x4080a306: gdma_ahb_hal_reset at D:/Projects/ESP/Espressif/v5.4.1/esp-idf/components/hal/gdma_hal_ahb_v1.c:47
--- 0x42048262: gdma_ahb_hal_set_priority at D:/Projects/ESP/Espressif/v5.4.1/esp-idf/components/hal/gdma_hal_ahb_v1.c:56
--- 0x420482a0: gdma_ahb_hal_connect_peri at D:/Projects/ESP/Espressif/v5.4.1/esp-idf/components/hal/gdma_hal_ahb_v1.c:65
--- 0x4204833a: gdma_ahb_hal_disconnect_peri at D:/Projects/ESP/Espressif/v5.4.1/esp-idf/components/hal/gdma_hal_ahb_v1.c:76
--- 0x4204837e: gdma_ahb_hal_enable_burst at D:/Projects/ESP/Espressif/v5.4.1/esp-idf/components/hal/gdma_hal_ahb_v1.c:85
--- 0x420483f6: gdma_ahb_hal_set_strategy at D:/Projects/ESP/Espressif/v5.4.1/esp-idf/components/hal/gdma_hal_ahb_v1.c:107
--- 0x420484c4: gdma_ahb_hal_get_intr_status_reg at D:/Projects/ESP/Espressif/v5.4.1/esp-idf/components/hal/gdma_hal_ahb_v1.c:147

408261d0: 0x4204847a 0x4080a27a 0x4080a2d4 0x4080a296 0x00000000 0x420484e0 0xb33fffff 0x00000000
--- 0x4204847a: gdma_ahb_hal_enable_intr at D:/Projects/ESP/Espressif/v5.4.1/esp-idf/components/hal/gdma_hal_ahb_v1.c:120
--- 0x4080a27a: gdma_ahb_hal_clear_intr at D:/Projects/ESP/Espressif/v5.4.1/esp-idf/components/hal/gdma_hal_ahb_v1.c:129
--- 0x4080a2d4: gdma_ahb_hal_read_intr_status at D:/Projects/ESP/Espressif/v5.4.1/esp-idf/components/hal/gdma_hal_ahb_v1.c:138
--- 0x4080a296: gdma_ahb_hal_get_eof_desc_addr at D:/Projects/ESP/Espressif/v5.4.1/esp-idf/components/hal/gdma_hal_ahb_v1.c:156
--- 0x420484e0: gdma_ahb_hal_enable_etm_task at D:/Projects/ESP/Espressif/v5.4.1/esp-idf/components/hal/gdma_hal_ahb_v1.c:170




ELF file SHA256: 74003468b

Rebooting...
ESP-ROM:esp32c6-20220919
Build:Sep 19 2022
rst:0xc (SW_CPU),boot:0x6e (SPI_FAST_FLASH_BOOT)
Saved PC:0x4001975a
--- 0x4001975a: software_reset_cpu in ROM

SPIWP:0xee
mode:DIO, clock div:2
load:0x40875720,len:0x16b8
load:0x4086c110,len:0xe84
load:0x4086e610,len:0x3058
entry 0x4086c11a